// Jest Snapshot v1, https://goo.gl/fbAQLP

exports[`CharactersItem with data Snapshot checking 1`] = `
<View
  style={
    Object {
      "flex": 1,
    }
  }
>
  <View
    style={
      Array [
        Object {
          "backgroundColor": "rgb(231, 231, 231)",
          "borderTopLeftRadius": 2,
          "borderTopRightRadius": 2,
        },
        Object {},
      ]
    }
  >
    <View
      style={
        Object {
          "backgroundColor": "rgba(0, 0, 0, 0.26)",
          "bottom": 0,
          "height": 2,
          "left": 0,
          "position": "absolute",
          "right": 0,
          "transform": Array [
            Object {
              "scaleY": 0.5,
            },
          ],
        }
      }
    />
    <View
      style={
        Array [
          Object {
            "paddingBottom": 0,
            "paddingTop": 0,
          },
          Object {
            "minHeight": 64,
          },
        ]
      }
    >
      <View
        pointerEvents="none"
        style={
          Object {
            "bottom": 0,
            "left": 0,
            "opacity": 1,
            "position": "absolute",
            "right": 0,
            "top": 0,
            "transform": Array [
              Object {
                "translateX": 0,
              },
            ],
          }
        }
      >
        <Text
          numberOfLines={1}
          onLayout={[Function]}
          style={
            Object {
              "color": "rgb(0, 190, 0)",
              "fontFamily": "System",
              "fontSize": 16,
              "fontWeight": undefined,
              "left": 0,
              "opacity": 0,
              "paddingLeft": 12,
              "paddingRight": 12,
              "position": "absolute",
              "textAlign": "left",
              "top": 34,
              "transform": Array [
                Object {
                  "translateX": 0,
                },
                Object {
                  "translateY": 0,
                },
                Object {
                  "scale": 1,
                },
              ],
              "writingDirection": "ltr",
            }
          }
        >
          Search characters name...
        </Text>
        <Text
          numberOfLines={1}
          style={
            Object {
              "color": "rgba(0, 0, 0, 0.54)",
              "fontFamily": "System",
              "fontSize": 16,
              "fontWeight": undefined,
              "left": 0,
              "opacity": 0,
              "paddingLeft": 12,
              "paddingRight": 12,
              "position": "absolute",
              "textAlign": "left",
              "top": 34,
              "transform": Array [
                Object {
                  "translateX": 0,
                },
                Object {
                  "translateY": 0,
                },
                Object {
                  "scale": 1,
                },
              ],
              "writingDirection": "ltr",
            }
          }
        >
          Search characters name...
        </Text>
      </View>
      <TextInput
        allowFontScaling={true}
        editable={true}
        multiline={false}
        onBlur={[Function]}
        onChangeText={[Function]}
        onFocus={[Function]}
        placeholder=""
        placeholderTextColor="rgba(0, 0, 0, 0.54)"
        rejectResponderTermination={true}
        selectionColor="rgb(0, 190, 0)"
        style={
          Array [
            Object {
              "flexGrow": 1,
              "margin": 0,
              "zIndex": 1,
            },
            Object {
              "paddingLeft": 12,
              "paddingRight": 12,
            },
            Object {
              "height": 64,
            },
            Object {
              "paddingBottom": 4,
              "paddingTop": 24,
            },
            Object {
              "color": "#000000",
              "fontFamily": "System",
              "fontSize": 16,
              "fontWeight": undefined,
              "textAlign": "left",
              "textAlignVertical": "center",
            },
            Array [
              Object {},
            ],
          ]
        }
        testID="TextInput"
        underlineColorAndroid="transparent"
        value=""
      />
    </View>
  </View>
  <RCTScrollView
    onScroll={[Function]}
    style={
      Object {
        "flex": 1,
        "paddingHorizontal": 10,
      }
    }
    testID="ScrollView"
  >
    <View>
      <View
        accessible={true}
        focusable={true}
        onClick={[Function]}
        onResponderGrant={[Function]}
        onResponderMove={[Function]}
        onResponderRelease={[Function]}
        onResponderTerminate={[Function]}
        onResponderTerminationRequest={[Function]}
        onStartShouldSetResponder={[Function]}
        style={
          Object {
            "opacity": 1,
            "width": "100%",
          }
        }
        testID="CharactersItem"
      >
        <View
          style={
            Object {
              "alignItems": "center",
              "flexDirection": "row",
              "paddingVertical": 10,
            }
          }
        >
          <Image
            source={
              Object {
                "uri": "https://rickandmortyapi.com/api/character/avatar/1.jpeg",
              }
            }
            style={
              Object {
                "borderRadius": 100,
                "height": 30,
                "marginRight": 10,
                "width": 30,
              }
            }
          />
          <Text
            style={
              Object {
                "flex": 1,
                "fontSize": 16,
              }
            }
          >
            Rick Sanchez
          </Text>
        </View>
        <View
          style={
            Array [
              Object {
                "backgroundColor": "rgba(0, 0, 0, 0.12)",
                "height": 0.5,
              },
              undefined,
              undefined,
            ]
          }
        />
      </View>
      <View
        accessible={true}
        focusable={true}
        onClick={[Function]}
        onResponderGrant={[Function]}
        onResponderMove={[Function]}
        onResponderRelease={[Function]}
        onResponderTerminate={[Function]}
        onResponderTerminationRequest={[Function]}
        onStartShouldSetResponder={[Function]}
        style={
          Object {
            "opacity": 1,
            "width": "100%",
          }
        }
        testID="CharactersItem"
      >
        <View
          style={
            Object {
              "alignItems": "center",
              "flexDirection": "row",
              "paddingVertical": 10,
            }
          }
        >
          <Image
            source={
              Object {
                "uri": "https://rickandmortyapi.com/api/character/avatar/2.jpeg",
              }
            }
            style={
              Object {
                "borderRadius": 100,
                "height": 30,
                "marginRight": 10,
                "width": 30,
              }
            }
          />
          <Text
            style={
              Object {
                "flex": 1,
                "fontSize": 16,
              }
            }
          >
            Morty Smith
          </Text>
        </View>
        <View
          style={
            Array [
              Object {
                "backgroundColor": "rgba(0, 0, 0, 0.12)",
                "height": 0.5,
              },
              undefined,
              undefined,
            ]
          }
        />
      </View>
      <View
        accessible={true}
        focusable={true}
        onClick={[Function]}
        onResponderGrant={[Function]}
        onResponderMove={[Function]}
        onResponderRelease={[Function]}
        onResponderTerminate={[Function]}
        onResponderTerminationRequest={[Function]}
        onStartShouldSetResponder={[Function]}
        style={
          Object {
            "opacity": 1,
            "width": "100%",
          }
        }
        testID="CharactersItem"
      >
        <View
          style={
            Object {
              "alignItems": "center",
              "flexDirection": "row",
              "paddingVertical": 10,
            }
          }
        >
          <Image
            source={
              Object {
                "uri": "https://rickandmortyapi.com/api/character/avatar/3.jpeg",
              }
            }
            style={
              Object {
                "borderRadius": 100,
                "height": 30,
                "marginRight": 10,
                "width": 30,
              }
            }
          />
          <Text
            style={
              Object {
                "flex": 1,
                "fontSize": 16,
              }
            }
          >
            Summer Smith
          </Text>
        </View>
        <View
          style={
            Array [
              Object {
                "backgroundColor": "rgba(0, 0, 0, 0.12)",
                "height": 0.5,
              },
              undefined,
              undefined,
            ]
          }
        />
      </View>
      <View
        accessible={true}
        focusable={true}
        onClick={[Function]}
        onResponderGrant={[Function]}
        onResponderMove={[Function]}
        onResponderRelease={[Function]}
        onResponderTerminate={[Function]}
        onResponderTerminationRequest={[Function]}
        onStartShouldSetResponder={[Function]}
        style={
          Object {
            "opacity": 1,
            "width": "100%",
          }
        }
        testID="CharactersItem"
      >
        <View
          style={
            Object {
              "alignItems": "center",
              "flexDirection": "row",
              "paddingVertical": 10,
            }
          }
        >
          <Image
            source={
              Object {
                "uri": "https://rickandmortyapi.com/api/character/avatar/4.jpeg",
              }
            }
            style={
              Object {
                "borderRadius": 100,
                "height": 30,
                "marginRight": 10,
                "width": 30,
              }
            }
          />
          <Text
            style={
              Object {
                "flex": 1,
                "fontSize": 16,
              }
            }
          >
            Beth Smith
          </Text>
        </View>
        <View
          style={
            Array [
              Object {
                "backgroundColor": "rgba(0, 0, 0, 0.12)",
                "height": 0.5,
              },
              undefined,
              undefined,
            ]
          }
        />
      </View>
      <View
        accessible={true}
        focusable={true}
        onClick={[Function]}
        onResponderGrant={[Function]}
        onResponderMove={[Function]}
        onResponderRelease={[Function]}
        onResponderTerminate={[Function]}
        onResponderTerminationRequest={[Function]}
        onStartShouldSetResponder={[Function]}
        style={
          Object {
            "opacity": 1,
            "width": "100%",
          }
        }
        testID="CharactersItem"
      >
        <View
          style={
            Object {
              "alignItems": "center",
              "flexDirection": "row",
              "paddingVertical": 10,
            }
          }
        >
          <Image
            source={
              Object {
                "uri": "https://rickandmortyapi.com/api/character/avatar/5.jpeg",
              }
            }
            style={
              Object {
                "borderRadius": 100,
                "height": 30,
                "marginRight": 10,
                "width": 30,
              }
            }
          />
          <Text
            style={
              Object {
                "flex": 1,
                "fontSize": 16,
              }
            }
          >
            Jerry Smith
          </Text>
        </View>
        <View
          style={
            Array [
              Object {
                "backgroundColor": "rgba(0, 0, 0, 0.12)",
                "height": 0.5,
              },
              undefined,
              undefined,
            ]
          }
        />
      </View>
      <View
        accessible={true}
        focusable={true}
        onClick={[Function]}
        onResponderGrant={[Function]}
        onResponderMove={[Function]}
        onResponderRelease={[Function]}
        onResponderTerminate={[Function]}
        onResponderTerminationRequest={[Function]}
        onStartShouldSetResponder={[Function]}
        style={
          Object {
            "opacity": 1,
            "width": "100%",
          }
        }
        testID="CharactersItem"
      >
        <View
          style={
            Object {
              "alignItems": "center",
              "flexDirection": "row",
              "paddingVertical": 10,
            }
          }
        >
          <Image
            source={
              Object {
                "uri": "https://rickandmortyapi.com/api/character/avatar/6.jpeg",
              }
            }
            style={
              Object {
                "borderRadius": 100,
                "height": 30,
                "marginRight": 10,
                "width": 30,
              }
            }
          />
          <Text
            style={
              Object {
                "flex": 1,
                "fontSize": 16,
              }
            }
          >
            Abadango Cluster Princess
          </Text>
        </View>
        <View
          style={
            Array [
              Object {
                "backgroundColor": "rgba(0, 0, 0, 0.12)",
                "height": 0.5,
              },
              undefined,
              undefined,
            ]
          }
        />
      </View>
      <View
        accessible={true}
        focusable={true}
        onClick={[Function]}
        onResponderGrant={[Function]}
        onResponderMove={[Function]}
        onResponderRelease={[Function]}
        onResponderTerminate={[Function]}
        onResponderTerminationRequest={[Function]}
        onStartShouldSetResponder={[Function]}
        style={
          Object {
            "opacity": 1,
            "width": "100%",
          }
        }
        testID="CharactersItem"
      >
        <View
          style={
            Object {
              "alignItems": "center",
              "flexDirection": "row",
              "paddingVertical": 10,
            }
          }
        >
          <Image
            source={
              Object {
                "uri": "https://rickandmortyapi.com/api/character/avatar/7.jpeg",
              }
            }
            style={
              Object {
                "borderRadius": 100,
                "height": 30,
                "marginRight": 10,
                "width": 30,
              }
            }
          />
          <Text
            style={
              Object {
                "flex": 1,
                "fontSize": 16,
              }
            }
          >
            Abradolf Lincler
          </Text>
        </View>
        <View
          style={
            Array [
              Object {
                "backgroundColor": "rgba(0, 0, 0, 0.12)",
                "height": 0.5,
              },
              undefined,
              undefined,
            ]
          }
        />
      </View>
      <View
        accessible={true}
        focusable={true}
        onClick={[Function]}
        onResponderGrant={[Function]}
        onResponderMove={[Function]}
        onResponderRelease={[Function]}
        onResponderTerminate={[Function]}
        onResponderTerminationRequest={[Function]}
        onStartShouldSetResponder={[Function]}
        style={
          Object {
            "opacity": 1,
            "width": "100%",
          }
        }
        testID="CharactersItem"
      >
        <View
          style={
            Object {
              "alignItems": "center",
              "flexDirection": "row",
              "paddingVertical": 10,
            }
          }
        >
          <Image
            source={
              Object {
                "uri": "https://rickandmortyapi.com/api/character/avatar/8.jpeg",
              }
            }
            style={
              Object {
                "borderRadius": 100,
                "height": 30,
                "marginRight": 10,
                "width": 30,
              }
            }
          />
          <Text
            style={
              Object {
                "flex": 1,
                "fontSize": 16,
              }
            }
          >
            Adjudicator Rick
          </Text>
        </View>
        <View
          style={
            Array [
              Object {
                "backgroundColor": "rgba(0, 0, 0, 0.12)",
                "height": 0.5,
              },
              undefined,
              undefined,
            ]
          }
        />
      </View>
      <View
        accessible={true}
        focusable={true}
        onClick={[Function]}
        onResponderGrant={[Function]}
        onResponderMove={[Function]}
        onResponderRelease={[Function]}
        onResponderTerminate={[Function]}
        onResponderTerminationRequest={[Function]}
        onStartShouldSetResponder={[Function]}
        style={
          Object {
            "opacity": 1,
            "width": "100%",
          }
        }
        testID="CharactersItem"
      >
        <View
          style={
            Object {
              "alignItems": "center",
              "flexDirection": "row",
              "paddingVertical": 10,
            }
          }
        >
          <Image
            source={
              Object {
                "uri": "https://rickandmortyapi.com/api/character/avatar/9.jpeg",
              }
            }
            style={
              Object {
                "borderRadius": 100,
                "height": 30,
                "marginRight": 10,
                "width": 30,
              }
            }
          />
          <Text
            style={
              Object {
                "flex": 1,
                "fontSize": 16,
              }
            }
          >
            Agency Director
          </Text>
        </View>
        <View
          style={
            Array [
              Object {
                "backgroundColor": "rgba(0, 0, 0, 0.12)",
                "height": 0.5,
              },
              undefined,
              undefined,
            ]
          }
        />
      </View>
      <View
        accessible={true}
        focusable={true}
        onClick={[Function]}
        onResponderGrant={[Function]}
        onResponderMove={[Function]}
        onResponderRelease={[Function]}
        onResponderTerminate={[Function]}
        onResponderTerminationRequest={[Function]}
        onStartShouldSetResponder={[Function]}
        style={
          Object {
            "opacity": 1,
            "width": "100%",
          }
        }
        testID="CharactersItem"
      >
        <View
          style={
            Object {
              "alignItems": "center",
              "flexDirection": "row",
              "paddingVertical": 10,
            }
          }
        >
          <Image
            source={
              Object {
                "uri": "https://rickandmortyapi.com/api/character/avatar/10.jpeg",
              }
            }
            style={
              Object {
                "borderRadius": 100,
                "height": 30,
                "marginRight": 10,
                "width": 30,
              }
            }
          />
          <Text
            style={
              Object {
                "flex": 1,
                "fontSize": 16,
              }
            }
          >
            Alan Rails
          </Text>
        </View>
        <View
          style={
            Array [
              Object {
                "backgroundColor": "rgba(0, 0, 0, 0.12)",
                "height": 0.5,
              },
              undefined,
              undefined,
            ]
          }
        />
      </View>
      <View
        accessible={true}
        focusable={true}
        onClick={[Function]}
        onResponderGrant={[Function]}
        onResponderMove={[Function]}
        onResponderRelease={[Function]}
        onResponderTerminate={[Function]}
        onResponderTerminationRequest={[Function]}
        onStartShouldSetResponder={[Function]}
        style={
          Object {
            "opacity": 1,
            "width": "100%",
          }
        }
        testID="CharactersItem"
      >
        <View
          style={
            Object {
              "alignItems": "center",
              "flexDirection": "row",
              "paddingVertical": 10,
            }
          }
        >
          <Image
            source={
              Object {
                "uri": "https://rickandmortyapi.com/api/character/avatar/11.jpeg",
              }
            }
            style={
              Object {
                "borderRadius": 100,
                "height": 30,
                "marginRight": 10,
                "width": 30,
              }
            }
          />
          <Text
            style={
              Object {
                "flex": 1,
                "fontSize": 16,
              }
            }
          >
            Albert Einstein
          </Text>
        </View>
        <View
          style={
            Array [
              Object {
                "backgroundColor": "rgba(0, 0, 0, 0.12)",
                "height": 0.5,
              },
              undefined,
              undefined,
            ]
          }
        />
      </View>
      <View
        accessible={true}
        focusable={true}
        onClick={[Function]}
        onResponderGrant={[Function]}
        onResponderMove={[Function]}
        onResponderRelease={[Function]}
        onResponderTerminate={[Function]}
        onResponderTerminationRequest={[Function]}
        onStartShouldSetResponder={[Function]}
        style={
          Object {
            "opacity": 1,
            "width": "100%",
          }
        }
        testID="CharactersItem"
      >
        <View
          style={
            Object {
              "alignItems": "center",
              "flexDirection": "row",
              "paddingVertical": 10,
            }
          }
        >
          <Image
            source={
              Object {
                "uri": "https://rickandmortyapi.com/api/character/avatar/12.jpeg",
              }
            }
            style={
              Object {
                "borderRadius": 100,
                "height": 30,
                "marginRight": 10,
                "width": 30,
              }
            }
          />
          <Text
            style={
              Object {
                "flex": 1,
                "fontSize": 16,
              }
            }
          >
            Alexander
          </Text>
        </View>
        <View
          style={
            Array [
              Object {
                "backgroundColor": "rgba(0, 0, 0, 0.12)",
                "height": 0.5,
              },
              undefined,
              undefined,
            ]
          }
        />
      </View>
      <View
        accessible={true}
        focusable={true}
        onClick={[Function]}
        onResponderGrant={[Function]}
        onResponderMove={[Function]}
        onResponderRelease={[Function]}
        onResponderTerminate={[Function]}
        onResponderTerminationRequest={[Function]}
        onStartShouldSetResponder={[Function]}
        style={
          Object {
            "opacity": 1,
            "width": "100%",
          }
        }
        testID="CharactersItem"
      >
        <View
          style={
            Object {
              "alignItems": "center",
              "flexDirection": "row",
              "paddingVertical": 10,
            }
          }
        >
          <Image
            source={
              Object {
                "uri": "https://rickandmortyapi.com/api/character/avatar/13.jpeg",
              }
            }
            style={
              Object {
                "borderRadius": 100,
                "height": 30,
                "marginRight": 10,
                "width": 30,
              }
            }
          />
          <Text
            style={
              Object {
                "flex": 1,
                "fontSize": 16,
              }
            }
          >
            Alien Googah
          </Text>
        </View>
        <View
          style={
            Array [
              Object {
                "backgroundColor": "rgba(0, 0, 0, 0.12)",
                "height": 0.5,
              },
              undefined,
              undefined,
            ]
          }
        />
      </View>
      <View
        accessible={true}
        focusable={true}
        onClick={[Function]}
        onResponderGrant={[Function]}
        onResponderMove={[Function]}
        onResponderRelease={[Function]}
        onResponderTerminate={[Function]}
        onResponderTerminationRequest={[Function]}
        onStartShouldSetResponder={[Function]}
        style={
          Object {
            "opacity": 1,
            "width": "100%",
          }
        }
        testID="CharactersItem"
      >
        <View
          style={
            Object {
              "alignItems": "center",
              "flexDirection": "row",
              "paddingVertical": 10,
            }
          }
        >
          <Image
            source={
              Object {
                "uri": "https://rickandmortyapi.com/api/character/avatar/14.jpeg",
              }
            }
            style={
              Object {
                "borderRadius": 100,
                "height": 30,
                "marginRight": 10,
                "width": 30,
              }
            }
          />
          <Text
            style={
              Object {
                "flex": 1,
                "fontSize": 16,
              }
            }
          >
            Alien Morty
          </Text>
        </View>
        <View
          style={
            Array [
              Object {
                "backgroundColor": "rgba(0, 0, 0, 0.12)",
                "height": 0.5,
              },
              undefined,
              undefined,
            ]
          }
        />
      </View>
      <View
        accessible={true}
        focusable={true}
        onClick={[Function]}
        onResponderGrant={[Function]}
        onResponderMove={[Function]}
        onResponderRelease={[Function]}
        onResponderTerminate={[Function]}
        onResponderTerminationRequest={[Function]}
        onStartShouldSetResponder={[Function]}
        style={
          Object {
            "opacity": 1,
            "width": "100%",
          }
        }
        testID="CharactersItem"
      >
        <View
          style={
            Object {
              "alignItems": "center",
              "flexDirection": "row",
              "paddingVertical": 10,
            }
          }
        >
          <Image
            source={
              Object {
                "uri": "https://rickandmortyapi.com/api/character/avatar/15.jpeg",
              }
            }
            style={
              Object {
                "borderRadius": 100,
                "height": 30,
                "marginRight": 10,
                "width": 30,
              }
            }
          />
          <Text
            style={
              Object {
                "flex": 1,
                "fontSize": 16,
              }
            }
          >
            Alien Rick
          </Text>
        </View>
        <View
          style={
            Array [
              Object {
                "backgroundColor": "rgba(0, 0, 0, 0.12)",
                "height": 0.5,
              },
              undefined,
              undefined,
            ]
          }
        />
      </View>
      <View
        accessible={true}
        focusable={true}
        onClick={[Function]}
        onResponderGrant={[Function]}
        onResponderMove={[Function]}
        onResponderRelease={[Function]}
        onResponderTerminate={[Function]}
        onResponderTerminationRequest={[Function]}
        onStartShouldSetResponder={[Function]}
        style={
          Object {
            "opacity": 1,
            "width": "100%",
          }
        }
        testID="CharactersItem"
      >
        <View
          style={
            Object {
              "alignItems": "center",
              "flexDirection": "row",
              "paddingVertical": 10,
            }
          }
        >
          <Image
            source={
              Object {
                "uri": "https://rickandmortyapi.com/api/character/avatar/16.jpeg",
              }
            }
            style={
              Object {
                "borderRadius": 100,
                "height": 30,
                "marginRight": 10,
                "width": 30,
              }
            }
          />
          <Text
            style={
              Object {
                "flex": 1,
                "fontSize": 16,
              }
            }
          >
            Amish Cyborg
          </Text>
        </View>
        <View
          style={
            Array [
              Object {
                "backgroundColor": "rgba(0, 0, 0, 0.12)",
                "height": 0.5,
              },
              undefined,
              undefined,
            ]
          }
        />
      </View>
      <View
        accessible={true}
        focusable={true}
        onClick={[Function]}
        onResponderGrant={[Function]}
        onResponderMove={[Function]}
        onResponderRelease={[Function]}
        onResponderTerminate={[Function]}
        onResponderTerminationRequest={[Function]}
        onStartShouldSetResponder={[Function]}
        style={
          Object {
            "opacity": 1,
            "width": "100%",
          }
        }
        testID="CharactersItem"
      >
        <View
          style={
            Object {
              "alignItems": "center",
              "flexDirection": "row",
              "paddingVertical": 10,
            }
          }
        >
          <Image
            source={
              Object {
                "uri": "https://rickandmortyapi.com/api/character/avatar/17.jpeg",
              }
            }
            style={
              Object {
                "borderRadius": 100,
                "height": 30,
                "marginRight": 10,
                "width": 30,
              }
            }
          />
          <Text
            style={
              Object {
                "flex": 1,
                "fontSize": 16,
              }
            }
          >
            Annie
          </Text>
        </View>
        <View
          style={
            Array [
              Object {
                "backgroundColor": "rgba(0, 0, 0, 0.12)",
                "height": 0.5,
              },
              undefined,
              undefined,
            ]
          }
        />
      </View>
      <View
        accessible={true}
        focusable={true}
        onClick={[Function]}
        onResponderGrant={[Function]}
        onResponderMove={[Function]}
        onResponderRelease={[Function]}
        onResponderTerminate={[Function]}
        onResponderTerminationRequest={[Function]}
        onStartShouldSetResponder={[Function]}
        style={
          Object {
            "opacity": 1,
            "width": "100%",
          }
        }
        testID="CharactersItem"
      >
        <View
          style={
            Object {
              "alignItems": "center",
              "flexDirection": "row",
              "paddingVertical": 10,
            }
          }
        >
          <Image
            source={
              Object {
                "uri": "https://rickandmortyapi.com/api/character/avatar/18.jpeg",
              }
            }
            style={
              Object {
                "borderRadius": 100,
                "height": 30,
                "marginRight": 10,
                "width": 30,
              }
            }
          />
          <Text
            style={
              Object {
                "flex": 1,
                "fontSize": 16,
              }
            }
          >
            Antenna Morty
          </Text>
        </View>
        <View
          style={
            Array [
              Object {
                "backgroundColor": "rgba(0, 0, 0, 0.12)",
                "height": 0.5,
              },
              undefined,
              undefined,
            ]
          }
        />
      </View>
      <View
        accessible={true}
        focusable={true}
        onClick={[Function]}
        onResponderGrant={[Function]}
        onResponderMove={[Function]}
        onResponderRelease={[Function]}
        onResponderTerminate={[Function]}
        onResponderTerminationRequest={[Function]}
        onStartShouldSetResponder={[Function]}
        style={
          Object {
            "opacity": 1,
            "width": "100%",
          }
        }
        testID="CharactersItem"
      >
        <View
          style={
            Object {
              "alignItems": "center",
              "flexDirection": "row",
              "paddingVertical": 10,
            }
          }
        >
          <Image
            source={
              Object {
                "uri": "https://rickandmortyapi.com/api/character/avatar/19.jpeg",
              }
            }
            style={
              Object {
                "borderRadius": 100,
                "height": 30,
                "marginRight": 10,
                "width": 30,
              }
            }
          />
          <Text
            style={
              Object {
                "flex": 1,
                "fontSize": 16,
              }
            }
          >
            Antenna Rick
          </Text>
        </View>
        <View
          style={
            Array [
              Object {
                "backgroundColor": "rgba(0, 0, 0, 0.12)",
                "height": 0.5,
              },
              undefined,
              undefined,
            ]
          }
        />
      </View>
      <View
        accessible={true}
        focusable={true}
        onClick={[Function]}
        onResponderGrant={[Function]}
        onResponderMove={[Function]}
        onResponderRelease={[Function]}
        onResponderTerminate={[Function]}
        onResponderTerminationRequest={[Function]}
        onStartShouldSetResponder={[Function]}
        style={
          Object {
            "opacity": 1,
            "width": "100%",
          }
        }
        testID="CharactersItem"
      >
        <View
          style={
            Object {
              "alignItems": "center",
              "flexDirection": "row",
              "paddingVertical": 10,
            }
          }
        >
          <Image
            source={
              Object {
                "uri": "https://rickandmortyapi.com/api/character/avatar/20.jpeg",
              }
            }
            style={
              Object {
                "borderRadius": 100,
                "height": 30,
                "marginRight": 10,
                "width": 30,
              }
            }
          />
          <Text
            style={
              Object {
                "flex": 1,
                "fontSize": 16,
              }
            }
          >
            Ants in my Eyes Johnson
          </Text>
        </View>
        <View
          style={
            Array [
              Object {
                "backgroundColor": "rgba(0, 0, 0, 0.12)",
                "height": 0.5,
              },
              undefined,
              undefined,
            ]
          }
        />
      </View>
    </View>
  </RCTScrollView>
</View>
`;
